17:13:20 **** Incremental Build of configuration Debug for project test001_GPIO ****
make -j24 all 
arm-none-eabi-gcc "../Core/Src/main.c" -mcpu=cortex-m4 -std=gnu11 -g3 -DDEBUG -DUSE_HAL_DRIVER -DSTM32F411xE -c -I../Core/Inc -I../Drivers/STM32F4xx_HAL_Driver/Inc -I../Drivers/STM32F4xx_HAL_Driver/Inc/Legacy -I../Drivers/CMSIS/Device/ST/STM32F4xx/Include -I../Drivers/CMSIS/Include -O0 -ffunction-sections -fdata-sections -Wall -fstack-usage -fcyclomatic-complexity -MMD -MP -MF"Core/Src/main.d" -MT"Core/Src/main.o" --specs=nano.specs -mfpu=fpv4-sp-d16 -mfloat-abi=hard -mthumb -o "Core/Src/main.o"
../Core/Src/main.c: In function '__io_putchar':
../Core/Src/main.c:48:35: warning: passing argument 2 of 'HAL_UART_Transmit' from incompatible pointer type [-Wincompatible-pointer-types]
   48 |         HAL_UART_Transmit(&huart2,&ch,1,10); // 10ms
      |                                   ^~~
      |                                   |
      |                                   int *
In file included from ../Core/Inc/stm32f4xx_hal_conf.h:411,
                 from ../Drivers/STM32F4xx_HAL_Driver/Inc/stm32f4xx_hal.h:29,
                 from ../Core/Inc/main.h:30,
                 from ../Core/Src/main.c:20:
../Drivers/STM32F4xx_HAL_Driver/Inc/stm32f4xx_hal_uart.h:745:79: note: expected 'const uint8_t *' {aka 'const unsigned char *'} but argument is of type 'int *'
  745 | HAL_StatusTypeDef HAL_UART_Transmit(UART_HandleTypeDef *huart, const uint8_t *pData, uint16_t Size, uint32_t Timeout);
      |                                                                ~~~~~~~~~~~~~~~^~~~~
arm-none-eabi-gcc -o "test001_GPIO.elf" @"objects.list"   -mcpu=cortex-m4 -T"E:\STM32\STM32\test001_GPIO\STM32F411RETX_FLASH.ld" --specs=nosys.specs -Wl,-Map="test001_GPIO.map" -Wl,--gc-sections -static --specs=nano.specs -mfpu=fpv4-sp-d16 -mfloat-abi=hard -mthumb -Wl,--start-group -lc -lm -Wl,--end-group
Finished building target: test001_GPIO.elf
 
arm-none-eabi-size  test001_GPIO.elf 
arm-none-eabi-objdump -h -S test001_GPIO.elf  > "test001_GPIO.list"
   text	   data	    bss	    dec	    hex	filename
  13160	    104	   1984	  15248	   3b90	test001_GPIO.elf
Finished building: default.size.stdout
 
Finished building: test001_GPIO.list
 

17:13:21 Build Finished. 0 errors, 1 warnings. (took 651ms)

